[1/28] round=0 rate=0.4  seed=104 issued=27   ok=21   rows=28   p50=  0.81 p99=   2.05 hit=0.67 (86s, 1m total)
[2/28] round=0 rate=0.8  seed=108 issued=62   ok=46   rows=63   p50=  1.17 p99=   6.11 hit=0.54 (77s, 3m total)
[3/28] round=0 rate=1.2  seed=112 issued=89   ok=53   rows=90   p50=  1.27 p99=   9.18 hit=0.54 (79s, 4m total)
[4/28] round=0 rate=1.6  seed=116 issued=133  ok=89   rows=134  p50=  1.75 p99=  15.19 hit=0.64 (83s, 6m total)
[5/28] round=0 rate=2.0  seed=120 issued=143  ok=96   rows=144  p50=  4.56 p99=  32.92 hit=0.58 (79s, 7m total)
[6/28] round=0 rate=2.6  seed=126 issued=192  ok=125  rows=193  p50=  4.24 p99=  31.00 hit=0.60 (79s, 8m total)
[7/28] round=0 rate=3.4  seed=134 issued=255  ok=171  rows=256  p50=  4.99 p99=  38.90 hit=0.63 (97s, 10m total)
[8/28] round=1 rate=0.8  seed=1108 issued=60   ok=35   rows=61   p50=  1.08 p99=   5.35 hit=0.50 (81s, 11m total)
[9/28] round=1 rate=1.2  seed=1112 issued=81   ok=51   rows=82   p50=  0.68 p99=   4.86 hit=0.71 (79s, 13m total)
[10/28] round=1 rate=1.6  seed=1116 issued=105  ok=77   rows=106  p50=  2.65 p99=  25.72 hit=0.69 (84s, 14m total)
[11/28] round=1 rate=2.0  seed=1120 issued=160  ok=106  rows=161  p50=  5.07 p99=  28.37 hit=0.59 (81s, 15m total)
[12/28] round=1 rate=2.6  seed=1126 issued=198  ok=125  rows=199  p50=  4.20 p99=  26.93 hit=0.59 (84s, 17m total)
[13/28] round=1 rate=3.4  seed=1134 issued=279  ok=187  rows=280  p50= 10.35 p99=  42.23 hit=0.62 (104s, 19m total)
[14/28] round=1 rate=0.4  seed=1104 issued=41   ok=27   rows=42   p50=  0.73 p99=   6.22 hit=0.54 (80s, 20m total)
[15/28] round=2 rate=1.2  seed=2112 issued=97   ok=61   rows=98   p50=  1.12 p99=   7.70 hit=0.62 (78s, 21m total)
[16/28] round=2 rate=1.6  seed=2116 issued=106  ok=67   rows=107  p50=  1.63 p99=  14.64 hit=0.59 (80s, 23m total)
[17/28] round=2 rate=2.0  seed=2120 issued=160  ok=113  rows=161  p50=  3.43 p99=  20.34 hit=0.56 (78s, 24m total)
[18/28] round=2 rate=2.6  seed=2126 issued=167  ok=102  rows=168  p50=  4.69 p99=  23.16 hit=0.46 (85s, 25m total)
[19/28] round=2 rate=3.4  seed=2134 issued=245  ok=155  rows=246  p50= 15.18 p99=  52.67 hit=0.65 (98s, 27m total)
[20/28] round=2 rate=0.4  seed=2104 issued=31   ok=20   rows=32   p50=  0.37 p99=   4.21 hit=0.59 (77s, 28m total)
[21/28] round=2 rate=0.8  seed=2108 issued=62   ok=45   rows=63   p50=  1.09 p99=   6.57 hit=0.60 (78s, 30m total)
[22/28] round=3 rate=1.6  seed=3116 issued=96   ok=55   rows=97   p50=  1.24 p99=   6.77 hit=0.65 (79s, 31m total)
[23/28] round=3 rate=2.0  seed=3120 issued=163  ok=115  rows=164  p50=  4.58 p99=  24.86 hit=0.52 (85s, 32m total)
[24/28] round=3 rate=2.6  seed=3126 issued=193  ok=134  rows=194  p50=  5.24 p99=  23.61 hit=0.63 (82s, 34m total)
[25/28] round=3 rate=3.4  seed=3134 issued=259  ok=165  rows=260  p50=  5.46 p99=  38.30 hit=0.61 (93s, 35m total)
[26/28] round=3 rate=0.4  seed=3104 issued=33   ok=22   rows=34   p50=  0.92 p99=   8.23 hit=0.44 (82s, 37m total)
[27/28] round=3 rate=0.8  seed=3108 issued=59   ok=34   rows=60   p50=  0.80 p99=   2.38 hit=0.51 (79s, 38m total)
[28/28] round=3 rate=1.2  seed=3112 issued=94   ok=63   rows=95   p50=  1.64 p99=  10.76 hit=0.58 (78s, 39m total)

3618 trace rows in 28 blocks under results/w4_traces in 39m
[1/2] round=1 rate=2.0  seed=1120 issued=160  ok=106  rows=161  p50=  5.18 p99=  29.39 hit=0.57 (82s, 1m total)
[2/2] round=1 rate=1.6  seed=1116 issued=105  ok=77   rows=106  p50=  1.28 p99=   9.25 hit=0.62 (77s, 3m total)

3618 trace rows in 28 blocks under results/w4_traces in 3m
