[1/20] continuous+cache           rate=0.6   seed=0 n=128  ok=105  p50=  0.87 p99=   4.56 slo=0.95 hit=0.64 (184s, 3m total)
[2/20] continuous+cache+admission rate=0.6   seed=0 n=128  ok=0    p50=   nan p99=    nan slo=0.00 hit=0.00 (182s, 6m total)
[3/20] continuous+cache+admission-a05 rate=0.6   seed=0 n=128  ok=21   p50=  0.47 p99=   1.73 slo=0.20 hit=0.72 (184s, 9m total)
[4/20] continuous+cache+admission-a20 rate=0.6   seed=0 n=128  ok=85   p50=  0.63 p99=   2.71 slo=0.81 hit=0.75 (184s, 12m total)
[5/20] continuous+cache+admission rate=1.0   seed=0 n=214  ok=0    p50=   nan p99=    nan slo=0.00 hit=0.00 (183s, 16m total)
[6/20] continuous+cache+admission-a05 rate=1.0   seed=0 n=214  ok=85   p50=  0.55 p99=   1.80 slo=0.47 hit=0.75 (184s, 19m total)
[7/20] continuous+cache+admission-a20 rate=1.0   seed=0 n=214  ok=135  p50=  0.81 p99=   3.13 slo=0.74 hit=0.70 (184s, 22m total)
[8/20] continuous+cache           rate=1.0   seed=0 n=214  ok=182  p50=  1.38 p99=   9.25 slo=0.90 hit=0.58 (184s, 25m total)
[9/20] continuous+cache+admission-a05 rate=1.9   seed=0 n=378  ok=129  p50=  0.59 p99=   1.97 slo=0.41 hit=0.75 (182s, 28m total)
[10/20] continuous+cache+admission-a20 rate=1.9   seed=0 n=378  ok=206  p50=  0.89 p99=   3.57 slo=0.66 hit=0.72 (182s, 31m total)
[11/20] continuous+cache           rate=1.9   seed=0 n=378  ok=311  p50=  4.31 p99=  28.84 slo=0.46 hit=0.61 (182s, 34m total)
[12/20] continuous+cache+admission rate=1.9   seed=0 n=378  ok=0    p50=   nan p99=    nan slo=0.00 hit=0.00 (181s, 37m total)
[13/20] continuous+cache+admission-a20 rate=4.0   seed=0 n=752  ok=326  p50=  1.04 p99=   4.48 slo=0.52 hit=0.74 (181s, 40m total)
[14/20] continuous+cache           rate=4.0   seed=0 n=752  ok=616  p50= 48.36 p99=  80.95 slo=0.00 hit=0.68 (247s, 44m total)
[15/20] continuous+cache+admission rate=4.0   seed=0 n=752  ok=0    p50=   nan p99=    nan slo=0.00 hit=0.00 (181s, 47m total)
[16/20] continuous+cache+admission-a05 rate=4.0   seed=0 n=752  ok=215  p50=  0.68 p99=   2.50 slo=0.35 hit=0.76 (182s, 51m total)
[17/20] continuous+cache           rate=6.0   seed=0 n=1091 ok=888  p50=110.05 p99= 203.59 slo=0.00 hit=0.69 (391s, 57m total)
[18/20] continuous+cache+admission rate=6.0   seed=0 n=1091 ok=0    p50=   nan p99=    nan slo=0.00 hit=0.00 (181s, 60m total)
[19/20] continuous+cache+admission-a05 rate=6.0   seed=0 n=1091 ok=312  p50=  0.71 p99=   2.42 slo=0.35 hit=0.80 (181s, 63m total)
[20/20] continuous+cache+admission-a20 rate=6.0   seed=0 n=1091 ok=404  p50=  1.30 p99=   6.62 slo=0.43 hit=0.75 (182s, 66m total)

wrote 4 rung files to results/w4_admission in 66m
