[1/54] continuous+cache           rate=0.6   seed=0 n=128  ok=105  p50=  0.87 p99=   4.41 slo=0.95 hit=0.64 canary=87.5t/s (184s, 3m total)
[2/54] continuous+cache           rate=0.6   seed=1 n=105  ok=88   p50=  1.18 p99=   4.47 slo=0.98 hit=0.54 canary=89.4t/s (184s, 6m total)
[3/54] continuous+cache           rate=0.6   seed=2 n=127  ok=111  p50=  0.87 p99=   7.15 slo=0.95 hit=0.67 canary=84.2t/s (182s, 9m total)
[4/54] continuous+cache+admission-a05 rate=0.6   seed=0 n=128  ok=58   p50=  0.49 p99=   1.76 slo=0.55 hit=0.75 canary=88.4t/s (184s, 12m total)
[5/54] continuous+cache+admission-a05 rate=0.6   seed=1 n=105  ok=38   p50=  0.57 p99=   1.78 slo=0.43 hit=0.64 canary=88.8t/s (185s, 15m total)
[6/54] continuous+cache+admission-a05 rate=0.6   seed=2 n=127  ok=58   p50=  0.50 p99=   1.40 slo=0.52 hit=0.70 canary=nant/s (183s, 19m total)
[7/54] continuous+cache+admission-a20 rate=0.6   seed=0 n=128  ok=87   p50=  0.63 p99=   2.69 slo=0.83 hit=0.76 canary=94.4t/s (184s, 22m total)
[8/54] continuous+cache+admission-a20 rate=0.6   seed=1 n=105  ok=70   p50=  1.13 p99=   3.25 slo=0.80 hit=0.63 canary=84.3t/s (184s, 25m total)
[9/54] continuous+cache+admission-a20 rate=0.6   seed=2 n=127  ok=93   p50=  0.58 p99=   2.41 slo=0.84 hit=0.73 canary=81.1t/s (183s, 28m total)
[10/54] continuous+cache+admission-a05 rate=1.0   seed=0 n=214  ok=102  p50=  0.55 p99=   1.87 slo=0.56 hit=0.76 canary=86.6t/s (183s, 31m total)
[11/54] continuous+cache+admission-a05 rate=1.0   seed=1 n=179  ok=78   p50=  0.57 p99=   1.62 slo=0.51 hit=0.74 canary=93.4t/s (182s, 34m total)
[12/54] continuous+cache+admission-a05 rate=1.0   seed=2 n=210  ok=93   p50=  0.58 p99=   1.59 slo=0.51 hit=0.73 canary=91.1t/s (181s, 37m total)
[13/54] continuous+cache+admission-a20 rate=1.0   seed=0 n=214  ok=142  p50=  0.81 p99=   2.90 slo=0.78 hit=0.70 canary=88.3t/s (184s, 40m total)
[14/54] continuous+cache+admission-a20 rate=1.0   seed=1 n=179  ok=121  p50=  0.80 p99=   2.66 slo=0.80 hit=0.67 canary=88.3t/s (182s, 43m total)
[15/54] continuous+cache+admission-a20 rate=1.0   seed=2 n=210  ok=143  p50=  0.77 p99=   4.69 slo=0.77 hit=0.72 canary=86.5t/s (181s, 47m total)
[16/54] continuous+cache           rate=1.0   seed=0 n=214  ok=182  p50=  1.38 p99=  10.24 slo=0.90 hit=0.60 canary=85.8t/s (194s, 50m total)
[17/54] continuous+cache           rate=1.0   seed=1 n=179  ok=152  p50=  1.06 p99=   5.40 slo=0.94 hit=0.61 canary=103.9t/s (182s, 53m total)
[18/54] continuous+cache           rate=1.0   seed=2 n=210  ok=183  p50=  1.27 p99=  10.83 slo=0.90 hit=0.64 canary=89.2t/s (183s, 56m total)
[19/54] continuous+cache+admission-a20 rate=1.4   seed=0 n=292  ok=171  p50=  0.85 p99=   3.47 slo=0.69 hit=0.71 canary=92.9t/s (181s, 59m total)
[20/54] continuous+cache+admission-a20 rate=1.4   seed=1 n=238  ok=152  p50=  0.72 p99=   3.69 slo=0.76 hit=0.71 canary=86.3t/s (181s, 62m total)
[21/54] continuous+cache+admission-a20 rate=1.4   seed=2 n=288  ok=174  p50=  0.75 p99=   2.54 slo=0.71 hit=0.70 canary=88.9t/s (183s, 65m total)
[22/54] continuous+cache           rate=1.4   seed=0 n=292  ok=247  p50=  2.19 p99=  14.85 slo=0.70 hit=0.60 canary=90.0t/s (182s, 68m total)
[23/54] continuous+cache           rate=1.4   seed=1 n=238  ok=201  p50=  1.26 p99=   9.58 slo=0.90 hit=0.63 canary=88.1t/s (182s, 71m total)
[24/54] continuous+cache           rate=1.4   seed=2 n=288  ok=244  p50=  1.88 p99=  18.42 slo=0.75 hit=0.62 canary=89.5t/s (186s, 74m total)
[25/54] continuous+cache+admission-a05 rate=1.4   seed=0 n=292  ok=116  p50=  0.59 p99=   1.97 slo=0.47 hit=0.76 canary=92.5t/s (181s, 77m total)
[26/54] continuous+cache+admission-a05 rate=1.4   seed=1 n=238  ok=108  p50=  0.57 p99=   2.02 slo=0.54 hit=0.77 canary=93.4t/s (181s, 81m total)
[27/54] continuous+cache+admission-a05 rate=1.4   seed=2 n=288  ok=114  p50=  0.64 p99=   1.74 slo=0.47 hit=0.70 canary=91.2t/s (182s, 84m total)
[28/54] continuous+cache           rate=1.9   seed=0 n=378  ok=311  p50=  4.11 p99=  29.28 slo=0.49 hit=0.60 canary=85.3t/s (182s, 87m total)
[29/54] continuous+cache           rate=1.9   seed=1 n=326  ok=272  p50=  2.10 p99=  19.91 slo=0.71 hit=0.58 canary=85.2t/s (192s, 90m total)
[30/54] continuous+cache           rate=1.9   seed=2 n=364  ok=299  p50=  3.88 p99=  33.41 slo=0.51 hit=0.60 canary=85.8t/s (190s, 93m total)
[31/54] continuous+cache+admission-a05 rate=1.9   seed=0 n=378  ok=133  p50=  0.57 p99=   1.78 slo=0.43 hit=0.77 canary=88.9t/s (181s, 96m total)
[32/54] continuous+cache+admission-a05 rate=1.9   seed=1 n=326  ok=134  p50=  0.61 p99=   1.90 slo=0.49 hit=0.75 canary=82.6t/s (182s, 99m total)
[33/54] continuous+cache+admission-a05 rate=1.9   seed=2 n=364  ok=149  p50=  0.69 p99=   1.82 slo=0.50 hit=0.74 canary=87.1t/s (183s, 102m total)
[34/54] continuous+cache+admission-a20 rate=1.9   seed=0 n=378  ok=197  p50=  0.94 p99=   3.72 slo=0.63 hit=0.72 canary=91.2t/s (182s, 105m total)
[35/54] continuous+cache+admission-a20 rate=1.9   seed=1 n=326  ok=187  p50=  0.80 p99=   3.72 slo=0.68 hit=0.70 canary=90.0t/s (183s, 109m total)
[36/54] continuous+cache+admission-a20 rate=1.9   seed=2 n=364  ok=202  p50=  0.94 p99=   3.37 slo=0.67 hit=0.68 canary=91.4t/s (183s, 112m total)
[37/54] continuous+cache+admission-a05 rate=2.6   seed=0 n=504  ok=179  p50=  0.62 p99=   2.04 slo=0.43 hit=0.78 canary=85.0t/s (181s, 115m total)
[38/54] continuous+cache+admission-a05 rate=2.6   seed=1 n=456  ok=174  p50=  0.59 p99=   1.97 slo=0.47 hit=0.78 canary=84.3t/s (181s, 118m total)
[39/54] continuous+cache+admission-a05 rate=2.6   seed=2 n=483  ok=186  p50=  0.64 p99=   2.01 slo=0.47 hit=0.77 canary=90.0t/s (181s, 121m total)
[40/54] continuous+cache+admission-a20 rate=2.6   seed=0 n=504  ok=255  p50=  0.95 p99=   3.72 slo=0.62 hit=0.74 canary=88.2t/s (181s, 124m total)
[41/54] continuous+cache+admission-a20 rate=2.6   seed=1 n=456  ok=242  p50=  0.80 p99=   4.31 slo=0.63 hit=0.76 canary=91.0t/s (183s, 127m total)
[42/54] continuous+cache+admission-a20 rate=2.6   seed=2 n=483  ok=252  p50=  0.83 p99=   3.50 slo=0.63 hit=0.73 canary=88.9t/s (182s, 130m total)
[43/54] continuous+cache           rate=2.6   seed=0 n=504  ok=412  p50=  5.63 p99=  32.88 slo=0.37 hit=0.65 canary=87.4t/s (187s, 133m total)
[44/54] continuous+cache           rate=2.6   seed=1 n=456  ok=374  p50=  4.08 p99=  37.23 slo=0.49 hit=0.64 canary=86.3t/s (189s, 136m total)
[45/54] continuous+cache           rate=2.6   seed=2 n=483  ok=397  p50=  6.60 p99=  44.82 slo=0.29 hit=0.66 canary=85.8t/s (184s, 140m total)
[46/54] continuous+cache+admission-a20 rate=4.0   seed=0 n=752  ok=318  p50=  1.02 p99=   4.32 slo=0.50 hit=0.73 canary=87.9t/s (181s, 143m total)
[47/54] continuous+cache+admission-a20 rate=4.0   seed=1 n=677  ok=302  p50=  1.09 p99=   4.75 slo=0.52 hit=0.76 canary=83.9t/s (183s, 146m total)
[48/54] continuous+cache+admission-a20 rate=4.0   seed=2 n=733  ok=313  p50=  1.09 p99=   4.93 slo=0.51 hit=0.75 canary=90.1t/s (183s, 149m total)
[49/54] continuous+cache           rate=4.0   seed=0 n=752  ok=616  p50= 60.96 p99=  97.21 slo=0.00 hit=0.67 canary=85.6t/s (262s, 153m total)
[50/54] continuous+cache           rate=4.0   seed=1 n=677  ok=565  p50= 40.92 p99=  92.46 slo=0.00 hit=0.62 canary=89.2t/s (263s, 158m total)
[51/54] continuous+cache           rate=4.0   seed=2 n=733  ok=604  p50= 58.85 p99=  97.03 slo=0.00 hit=0.65 canary=88.0t/s (274s, 162m total)
[52/54] continuous+cache+admission-a05 rate=4.0   seed=0 n=752  ok=243  p50=  0.68 p99=   2.46 slo=0.39 hit=0.79 canary=91.8t/s (181s, 165m total)
[53/54] continuous+cache+admission-a05 rate=4.0   seed=1 n=677  ok=237  p50=  0.69 p99=   2.11 slo=0.42 hit=0.75 canary=87.2t/s (182s, 168m total)
[54/54] continuous+cache+admission-a05 rate=4.0   seed=2 n=733  ok=244  p50=  0.63 p99=   2.32 slo=0.40 hit=0.79 canary=90.3t/s (181s, 171m total)

thermal probe over 53 runs: 81.1-103.9 tok/s (spread 21.9% of the fastest). A large spread means the ladder was measured on a machine that changed speed during it; see results/w5_ladder_r5/canary.jsonl.

wrote 3 rung files to results/w5_ladder_r5 in 171m
