[1/90] fifo                       rate=0.6   seed=0 n=128  ok=105  p50=  3.88 p99=   9.63 slo=0.53 hit=0.00 canary=92.3t/s (184s, 3m total)
[2/90] fifo                       rate=0.6   seed=1 n=105  ok=88   p50=  2.24 p99=   5.58 slo=0.82 hit=0.00 canary=93.1t/s (185s, 6m total)
[3/90] fifo                       rate=0.6   seed=2 n=127  ok=111  p50=  3.85 p99=   9.59 slo=0.52 hit=0.00 canary=94.7t/s (182s, 9m total)
[4/90] static                     rate=0.6   seed=0 n=128  ok=105  p50=  2.27 p99=   7.31 slo=0.71 hit=0.00 canary=84.5t/s (184s, 12m total)
[5/90] static                     rate=0.6   seed=1 n=105  ok=88   p50=  2.31 p99=   4.71 slo=0.91 hit=0.00 canary=83.1t/s (185s, 15m total)
[6/90] static                     rate=0.6   seed=2 n=127  ok=111  p50=  2.60 p99=   9.05 slo=0.68 hit=0.00 canary=90.4t/s (182s, 19m total)
[7/90] continuous                 rate=0.6   seed=0 n=128  ok=105  p50=  1.35 p99=   6.20 slo=0.87 hit=0.00 canary=83.8t/s (184s, 22m total)
[8/90] continuous                 rate=0.6   seed=1 n=105  ok=88   p50=  1.34 p99=   4.41 slo=0.91 hit=0.00 canary=87.1t/s (184s, 25m total)
[9/90] continuous                 rate=0.6   seed=2 n=127  ok=111  p50=  1.26 p99=   8.19 slo=0.90 hit=0.00 canary=86.9t/s (182s, 28m total)
[10/90] continuous+cache           rate=0.6   seed=0 n=128  ok=105  p50=  0.83 p99=   4.26 slo=0.95 hit=0.64 canary=85.5t/s (184s, 31m total)
[11/90] continuous+cache           rate=0.6   seed=1 n=105  ok=88   p50=  1.17 p99=   4.45 slo=0.98 hit=0.54 canary=93.9t/s (184s, 34m total)
[12/90] continuous+cache           rate=0.6   seed=2 n=127  ok=111  p50=  0.84 p99=   7.36 slo=0.95 hit=0.67 canary=88.3t/s (183s, 37m total)
[13/90] continuous+cache+admission rate=0.6   seed=0 n=128  ok=0    p50=   nan p99=    nan slo=0.00 hit=0.00 canary=nant/s (182s, 40m total)
[14/90] continuous+cache+admission rate=0.6   seed=1 n=105  ok=0    p50=   nan p99=    nan slo=0.00 hit=0.00 canary=nant/s (184s, 43m total)
[15/90] continuous+cache+admission rate=0.6   seed=2 n=127  ok=0    p50=   nan p99=    nan slo=0.00 hit=0.00 canary=nant/s (182s, 46m total)
[16/90] static                     rate=1.0   seed=0 n=214  ok=182  p50=  4.78 p99=  11.71 slo=0.36 hit=0.00 canary=85.9t/s (185s, 49m total)
[17/90] static                     rate=1.0   seed=1 n=179  ok=152  p50=  3.36 p99=   8.08 slo=0.61 hit=0.00 canary=83.3t/s (183s, 52m total)
[18/90] static                     rate=1.0   seed=2 n=210  ok=183  p50= 10.72 p99=  18.91 slo=0.00 hit=0.00 canary=81.4t/s (185s, 56m total)
[19/90] continuous                 rate=1.0   seed=0 n=214  ok=182  p50=  2.90 p99=  15.86 slo=0.63 hit=0.00 canary=84.5t/s (184s, 59m total)
[20/90] continuous                 rate=1.0   seed=1 n=179  ok=152  p50=  1.84 p99=  11.04 slo=0.82 hit=0.00 canary=85.0t/s (182s, 62m total)
[21/90] continuous                 rate=1.0   seed=2 n=210  ok=183  p50=  2.78 p99=  14.92 slo=0.65 hit=0.00 canary=86.7t/s (183s, 65m total)
[22/90] continuous+cache           rate=1.0   seed=0 n=214  ok=182  p50=  1.21 p99=   8.26 slo=0.88 hit=0.63 canary=92.1t/s (184s, 68m total)
[23/90] continuous+cache           rate=1.0   seed=1 n=179  ok=152  p50=  1.08 p99=   5.69 slo=0.95 hit=0.61 canary=90.7t/s (182s, 71m total)
[24/90] continuous+cache           rate=1.0   seed=2 n=210  ok=183  p50=  1.27 p99=  10.87 slo=0.90 hit=0.64 canary=91.9t/s (183s, 74m total)
[25/90] continuous+cache+admission rate=1.0   seed=0 n=214  ok=0    p50=   nan p99=    nan slo=0.00 hit=0.00 canary=nant/s (183s, 77m total)
[26/90] continuous+cache+admission rate=1.0   seed=1 n=179  ok=0    p50=   nan p99=    nan slo=0.00 hit=0.00 canary=nant/s (181s, 80m total)
[27/90] continuous+cache+admission rate=1.0   seed=2 n=210  ok=0    p50=   nan p99=    nan slo=0.00 hit=0.00 canary=nant/s (181s, 83m total)
[28/90] fifo                       rate=1.0   seed=0 n=214  ok=182  p50= 32.44 p99=  48.73 slo=0.00 hit=0.00 canary=91.1t/s (231s, 87m total)
[29/90] fifo                       rate=1.0   seed=1 n=179  ok=152  p50= 11.05 p99=  15.23 slo=0.05 hit=0.00 canary=85.5t/s (188s, 90m total)
[30/90] fifo                       rate=1.0   seed=2 n=210  ok=183  p50= 42.74 p99=  73.30 slo=0.00 hit=0.00 canary=87.9t/s (250s, 94m total)
[31/90] continuous                 rate=1.4   seed=0 n=292  ok=247  p50= 13.67 p99=  45.55 slo=0.02 hit=0.00 canary=86.1t/s (203s, 98m total)
[32/90] continuous                 rate=1.4   seed=1 n=238  ok=201  p50=  3.22 p99=  19.17 slo=0.63 hit=0.00 canary=83.6t/s (181s, 101m total)
[33/90] continuous                 rate=1.4   seed=2 n=288  ok=244  p50= 19.38 p99=  67.28 slo=0.01 hit=0.00 canary=86.8t/s (208s, 104m total)
[34/90] continuous+cache           rate=1.4   seed=0 n=292  ok=247  p50=  2.01 p99=  14.35 slo=0.71 hit=0.61 canary=88.4t/s (182s, 107m total)
[35/90] continuous+cache           rate=1.4   seed=1 n=238  ok=201  p50=  1.23 p99=   9.43 slo=0.90 hit=0.63 canary=85.8t/s (181s, 111m total)
[36/90] continuous+cache           rate=1.4   seed=2 n=288  ok=244  p50=  1.87 p99=  17.23 slo=0.76 hit=0.61 canary=87.3t/s (185s, 114m total)
[37/90] continuous+cache+admission rate=1.4   seed=0 n=292  ok=0    p50=   nan p99=    nan slo=0.00 hit=0.00 canary=nant/s (181s, 117m total)
[38/90] continuous+cache+admission rate=1.4   seed=1 n=238  ok=0    p50=   nan p99=    nan slo=0.00 hit=0.00 canary=nant/s (181s, 120m total)
[39/90] continuous+cache+admission rate=1.4   seed=2 n=288  ok=0    p50=   nan p99=    nan slo=0.00 hit=0.00 canary=nant/s (182s, 123m total)
[40/90] fifo                       rate=1.4   seed=0 n=292  ok=247  p50= 78.13 p99= 152.41 slo=0.00 hit=0.00 canary=85.2t/s (333s, 128m total)
[41/90] fifo                       rate=1.4   seed=1 n=238  ok=201  p50= 47.88 p99=  68.96 slo=0.00 hit=0.00 canary=85.9t/s (241s, 132m total)
[42/90] fifo                       rate=1.4   seed=2 n=288  ok=244  p50= 91.78 p99= 143.95 slo=0.00 hit=0.00 canary=85.8t/s (326s, 138m total)
[43/90] static                     rate=1.4   seed=0 n=292  ok=247  p50= 25.20 p99=  52.24 slo=0.00 hit=0.00 canary=81.9t/s (228s, 142m total)
[44/90] static                     rate=1.4   seed=1 n=238  ok=201  p50=  8.50 p99=  14.68 slo=0.15 hit=0.00 canary=84.4t/s (182s, 145m total)
[45/90] static                     rate=1.4   seed=2 n=288  ok=244  p50= 44.15 p99=  63.15 slo=0.00 hit=0.00 canary=84.5t/s (240s, 149m total)
[46/90] continuous+cache           rate=1.9   seed=0 n=378  ok=311  p50=  3.82 p99=  27.54 slo=0.51 hit=0.59 canary=86.4t/s (182s, 152m total)
[47/90] continuous+cache           rate=1.9   seed=1 n=326  ok=272  p50=  1.95 p99=  15.76 slo=0.72 hit=0.57 canary=85.7t/s (192s, 155m total)
[48/90] continuous+cache           rate=1.9   seed=2 n=364  ok=299  p50=  3.61 p99=  31.38 slo=0.53 hit=0.61 canary=84.1t/s (190s, 158m total)
[49/90] continuous+cache+admission rate=1.9   seed=0 n=378  ok=0    p50=   nan p99=    nan slo=0.00 hit=0.00 canary=nant/s (181s, 161m total)
[50/90] continuous+cache+admission rate=1.9   seed=1 n=326  ok=0    p50=   nan p99=    nan slo=0.00 hit=0.00 canary=nant/s (181s, 164m total)
[51/90] continuous+cache+admission rate=1.9   seed=2 n=364  ok=0    p50=   nan p99=    nan slo=0.00 hit=0.00 canary=nant/s (182s, 167m total)
[52/90] fifo                       rate=1.9   seed=0 n=378  ok=311  p50=135.01 p99= 239.73 slo=0.00 hit=0.00 canary=83.8t/s (425s, 175m total)
[53/90] fifo                       rate=1.9   seed=1 n=326  ok=272  p50= 87.90 p99= 160.42 slo=0.00 hit=0.00 canary=85.0t/s (351s, 180m total)
[54/90] fifo                       rate=1.9   seed=2 n=364  ok=299  p50=146.76 p99= 231.74 slo=0.00 hit=0.00 canary=87.8t/s (424s, 188m total)
[55/90] static                     rate=1.9   seed=0 n=378  ok=311  p50= 71.44 p99= 120.45 slo=0.00 hit=0.00 canary=84.4t/s (298s, 193m total)
[56/90] static                     rate=1.9   seed=1 n=326  ok=272  p50= 39.46 p99=  77.32 slo=0.00 hit=0.00 canary=82.2t/s (259s, 197m total)
[57/90] static                     rate=1.9   seed=2 n=364  ok=299  p50= 95.15 p99= 138.08 slo=0.00 hit=0.00 canary=82.1t/s (322s, 202m total)
[58/90] continuous                 rate=1.9   seed=0 n=378  ok=311  p50= 54.38 p99= 108.08 slo=0.00 hit=0.00 canary=84.0t/s (271s, 207m total)
[59/90] continuous                 rate=1.9   seed=1 n=326  ok=272  p50= 30.05 p99=  68.68 slo=0.00 hit=0.00 canary=87.2t/s (235s, 211m total)
[60/90] continuous                 rate=1.9   seed=2 n=364  ok=299  p50= 59.89 p99= 113.27 slo=0.00 hit=0.00 canary=85.9t/s (276s, 215m total)
[61/90] continuous+cache+admission rate=2.6   seed=0 n=504  ok=0    p50=   nan p99=    nan slo=0.00 hit=0.00 canary=nant/s (181s, 218m total)
[62/90] continuous+cache+admission rate=2.6   seed=1 n=456  ok=0    p50=   nan p99=    nan slo=0.00 hit=0.00 canary=nant/s (181s, 221m total)
[63/90] continuous+cache+admission rate=2.6   seed=2 n=483  ok=0    p50=   nan p99=    nan slo=0.00 hit=0.00 canary=nant/s (181s, 225m total)
[64/90] fifo                       rate=2.6   seed=0 n=504  ok=336  p50=194.56 p99= 301.36 slo=0.00 hit=0.00 canary=85.6t/s (480s, 233m total)
[65/90] fifo                       rate=2.6   seed=1 n=456  ok=372  p50=148.65 p99= 298.15 slo=0.00 hit=0.00 canary=84.8t/s (482s, 241m total)
[66/90] fifo                       rate=2.6   seed=2 n=483  ok=313  p50=189.49 p99= 300.88 slo=0.00 hit=0.00 canary=87.8t/s (481s, 249m total)
[67/90] static                     rate=2.6   seed=0 n=504  ok=412  p50=152.75 p99= 232.12 slo=0.00 hit=0.00 canary=81.8t/s (416s, 256m total)
[68/90] static                     rate=2.6   seed=1 n=456  ok=374  p50= 95.13 p99= 186.57 slo=0.00 hit=0.00 canary=81.5t/s (376s, 262m total)
[69/90] static                     rate=2.6   seed=2 n=483  ok=397  p50=152.80 p99= 234.76 slo=0.00 hit=0.00 canary=86.4t/s (418s, 269m total)
[70/90] continuous                 rate=2.6   seed=0 n=504  ok=412  p50=118.31 p99= 196.38 slo=0.00 hit=0.00 canary=86.2t/s (371s, 275m total)
[71/90] continuous                 rate=2.6   seed=1 n=456  ok=374  p50= 78.25 p99= 169.62 slo=0.00 hit=0.00 canary=84.9t/s (344s, 281m total)
[72/90] continuous                 rate=2.6   seed=2 n=483  ok=397  p50=115.25 p99= 195.16 slo=0.00 hit=0.00 canary=88.3t/s (368s, 287m total)
[73/90] continuous+cache           rate=2.6   seed=0 n=504  ok=412  p50=  7.67 p99=  39.66 slo=0.15 hit=0.63 canary=84.3t/s (188s, 290m total)
[74/90] continuous+cache           rate=2.6   seed=1 n=456  ok=374  p50=  4.59 p99=  39.62 slo=0.44 hit=0.64 canary=83.8t/s (193s, 293m total)
[75/90] continuous+cache           rate=2.6   seed=2 n=483  ok=397  p50=  7.71 p99=  47.68 slo=0.24 hit=0.66 canary=84.4t/s (185s, 297m total)
[76/90] fifo                       rate=4.0   seed=0 n=752  ok=224  p50=230.50 p99= 303.16 slo=0.00 hit=0.00 canary=86.2t/s (481s, 305m total)
[77/90] fifo                       rate=4.0   seed=1 n=677  ok=283  p50=196.02 p99= 301.59 slo=0.00 hit=0.00 canary=84.0t/s (481s, 313m total)
[78/90] fifo                       rate=4.0   seed=2 n=733  ok=233  p50=232.61 p99= 301.58 slo=0.00 hit=0.00 canary=86.5t/s (482s, 321m total)
[79/90] static                     rate=4.0   seed=0 n=752  ok=379  p50=202.35 p99= 300.45 slo=0.00 hit=0.00 canary=84.5t/s (481s, 329m total)
[80/90] static                     rate=4.0   seed=1 n=677  ok=432  p50=175.14 p99= 300.82 slo=0.00 hit=0.00 canary=83.9t/s (482s, 337m total)
[81/90] static                     rate=4.0   seed=2 n=733  ok=370  p50=194.64 p99= 301.01 slo=0.00 hit=0.00 canary=83.1t/s (487s, 345m total)
[82/90] continuous                 rate=4.0   seed=0 n=752  ok=502  p50=193.95 p99= 325.12 slo=0.00 hit=0.00 canary=88.2t/s (484s, 353m total)
[83/90] continuous                 rate=4.0   seed=1 n=677  ok=537  p50=176.73 p99= 312.76 slo=0.00 hit=0.00 canary=82.7t/s (489s, 361m total)
[84/90] continuous                 rate=4.0   seed=2 n=733  ok=490  p50=195.25 p99= 315.95 slo=0.00 hit=0.00 canary=85.1t/s (490s, 369m total)
[85/90] continuous+cache           rate=4.0   seed=0 n=752  ok=616  p50= 57.96 p99=  91.52 slo=0.00 hit=0.67 canary=83.6t/s (256s, 374m total)
[86/90] continuous+cache           rate=4.0   seed=1 n=677  ok=565  p50= 37.23 p99=  84.73 slo=0.00 hit=0.63 canary=85.4t/s (255s, 378m total)
[87/90] continuous+cache           rate=4.0   seed=2 n=733  ok=604  p50= 55.67 p99=  93.64 slo=0.00 hit=0.64 canary=87.6t/s (267s, 382m total)
[88/90] continuous+cache+admission rate=4.0   seed=0 n=752  ok=0    p50=   nan p99=    nan slo=0.00 hit=0.00 canary=nant/s (181s, 386m total)
[89/90] continuous+cache+admission rate=4.0   seed=1 n=677  ok=0    p50=   nan p99=    nan slo=0.00 hit=0.00 canary=nant/s (181s, 389m total)
[90/90] continuous+cache+admission rate=4.0   seed=2 n=733  ok=0    p50=   nan p99=    nan slo=0.00 hit=0.00 canary=nant/s (181s, 392m total)

thermal probe over 72 runs: 81.4-94.7 tok/s (spread 14.0% of the fastest). A large spread means the ladder was measured on a machine that changed speed during it; see results/w5_ladder/canary.jsonl.

wrote 5 rung files to results/w5_ladder in 392m
wrote ablation.md, spread.md, tradeoffs.md, thermal.md to docs
  saturation 1.4 rps, overload column read at 2.6 rps, 3 seeds, 30 trade-off cells
wrote the Week 5 figures to docs/figs/w5
embedded 11 tables into README.md
